Java HotSpot(TM) 64-Bit Server VM (25.65-b01) for windows-amd64 JRE (1.8.0_65-b17), built on Oct  6 2015 16:39:20 by "java_re" with MS VC++ 10.0 (VS2010)
Memory: 4k page, physical 8284632k(4119996k free), swap 10250712k(2609048k free)
CommandLine flags: -XX:InitialHeapSize=536870912 -XX:MaxHeapSize=536870912 -XX:MaxMetaspaceSize=268435456 -XX:MaxNewSize=178958336 -XX:MaxTenuringThreshold=6 -XX:MetaspaceSize=100663296 -XX:NewSize=178958336 -XX:OldPLABSize=16 -XX:OldSize=357912576 -XX:+PrintGC -XX:+PrintGCDateStamps -XX:+PrintGCDetails -XX:+PrintGCTimeStamps -XX:+UseCompressedClassPointers -XX:+UseCompressedOops -XX:+UseConcMarkSweepGC -XX:-UseLargePagesIndividualAllocation -XX:+UseParNewGC 
2017-08-25T21:23:39.732+0530: 21.182: [GC (Allocation Failure) 2017-08-25T21:23:39.733+0530: 21.183: [ParNew: 139668K->17471K(157248K), 0.0745393 secs] 139668K->131284K(506816K), 0.0750301 secs] [Times: user=0.13 sys=0.05, real=0.07 secs] 
2017-08-25T21:24:13.865+0530: 55.315: [GC (Allocation Failure) 2017-08-25T21:24:13.865+0530: 55.316: [ParNew: 157242K->17345K(157248K), 0.0858107 secs] 271054K->269599K(506816K), 0.0859472 secs] [Times: user=0.20 sys=0.13, real=0.09 secs] 
2017-08-25T21:24:13.951+0530: 55.402: [GC (CMS Initial Mark) [1 CMS-initial-mark: 252254K(349568K)] 272439K(506816K), 0.0009432 secs] [Times: user=0.00 sys=0.00, real=0.00 secs] 
2017-08-25T21:24:13.952+0530: 55.403: [CMS-concurrent-mark-start]
2017-08-25T21:24:13.954+0530: 55.405: [CMS-concurrent-mark: 0.003/0.003 secs] [Times: user=0.00 sys=0.00, real=0.00 secs] 
2017-08-25T21:24:13.954+0530: 55.405: [CMS-concurrent-preclean-start]
2017-08-25T21:24:13.955+0530: 55.406: [CMS-concurrent-preclean: 0.000/0.000 secs] [Times: user=0.00 sys=0.00, real=0.00 secs] 
2017-08-25T21:24:13.955+0530: 55.406: [CMS-concurrent-abortable-preclean-start]
 CMS: abort preclean due to time 2017-08-25T21:24:19.046+0530: 60.496: [CMS-concurrent-abortable-preclean: 0.183/5.090 secs] [Times: user=0.20 sys=0.00, real=5.09 secs] 
2017-08-25T21:24:19.046+0530: 60.497: [GC (CMS Final Remark) [YG occupancy: 41880 K (157248 K)]2017-08-25T21:24:19.046+0530: 60.497: [Rescan (parallel) , 0.0015593 secs]2017-08-25T21:24:19.048+0530: 60.498: [weak refs processing, 0.0002123 secs]2017-08-25T21:24:19.048+0530: 60.499: [class unloading, 0.0013237 secs]2017-08-25T21:24:19.049+0530: 60.500: [scrub symbol table, 0.0012109 secs]2017-08-25T21:24:19.050+0530: 60.501: [scrub string table, 0.0003960 secs][1 CMS-remark: 252254K(349568K)] 294134K(506816K), 0.0051126 secs] [Times: user=0.00 sys=0.00, real=0.01 secs] 
2017-08-25T21:24:19.051+0530: 60.502: [CMS-concurrent-sweep-start]
2017-08-25T21:24:19.054+0530: 60.504: [CMS-concurrent-sweep: 0.002/0.002 secs] [Times: user=0.00 sys=0.00, real=0.00 secs] 
2017-08-25T21:24:19.054+0530: 60.504: [CMS-concurrent-reset-start]
2017-08-25T21:24:19.055+0530: 60.505: [CMS-concurrent-reset: 0.001/0.001 secs] [Times: user=0.02 sys=0.00, real=0.00 secs] 
2017-08-25T21:24:21.055+0530: 62.505: [GC (CMS Initial Mark) [1 CMS-initial-mark: 166226K(349568K)] 216242K(506816K), 0.0002835 secs] [Times: user=0.00 sys=0.00, real=0.00 secs] 
2017-08-25T21:24:21.055+0530: 62.505: [CMS-concurrent-mark-start]
2017-08-25T21:24:21.057+0530: 62.507: [CMS-concurrent-mark: 0.002/0.002 secs] [Times: user=0.00 sys=0.00, real=0.00 secs] 
2017-08-25T21:24:21.057+0530: 62.507: [CMS-concurrent-preclean-start]
2017-08-25T21:24:21.057+0530: 62.507: [CMS-concurrent-preclean: 0.000/0.000 secs] [Times: user=0.00 sys=0.00, real=0.00 secs] 
2017-08-25T21:24:21.057+0530: 62.507: [CMS-concurrent-abortable-preclean-start]
 CMS: abort preclean due to time 2017-08-25T21:24:26.143+0530: 67.594: [CMS-concurrent-abortable-preclean: 0.190/5.087 secs] [Times: user=0.17 sys=0.00, real=5.09 secs] 
2017-08-25T21:24:26.144+0530: 67.595: [GC (CMS Final Remark) [YG occupancy: 68999 K (157248 K)]2017-08-25T21:24:26.144+0530: 67.595: [Rescan (parallel) , 0.0015885 secs]2017-08-25T21:24:26.145+0530: 67.596: [weak refs processing, 0.0000356 secs]2017-08-25T21:24:26.145+0530: 67.596: [class unloading, 0.0007701 secs]2017-08-25T21:24:26.146+0530: 67.597: [scrub symbol table, 0.0010152 secs]2017-08-25T21:24:26.147+0530: 67.598: [scrub string table, 0.0003815 secs][1 CMS-remark: 166226K(349568K)] 235226K(506816K), 0.0043555 secs] [Times: user=0.02 sys=0.00, real=0.00 secs] 
2017-08-25T21:24:26.149+0530: 67.599: [CMS-concurrent-sweep-start]
2017-08-25T21:24:26.150+0530: 67.601: [CMS-concurrent-sweep: 0.001/0.001 secs] [Times: user=0.00 sys=0.00, real=0.00 secs] 
2017-08-25T21:24:26.150+0530: 67.601: [CMS-concurrent-reset-start]
2017-08-25T21:24:26.151+0530: 67.602: [CMS-concurrent-reset: 0.001/0.001 secs] [Times: user=0.00 sys=0.00, real=0.00 secs] 
2017-08-25T21:24:28.151+0530: 69.601: [GC (CMS Initial Mark) [1 CMS-initial-mark: 121655K(349568K)] 198790K(506816K), 0.0007751 secs] [Times: user=0.00 sys=0.00, real=0.00 secs] 
2017-08-25T21:24:28.152+0530: 69.602: [CMS-concurrent-mark-start]
2017-08-25T21:24:28.157+0530: 69.608: [CMS-concurrent-mark: 0.006/0.006 secs] [Times: user=0.00 sys=0.00, real=0.01 secs] 
2017-08-25T21:24:28.157+0530: 69.608: [CMS-concurrent-preclean-start]
2017-08-25T21:24:28.159+0530: 69.610: [CMS-concurrent-preclean: 0.002/0.002 secs] [Times: user=0.00 sys=0.00, real=0.00 secs] 
2017-08-25T21:24:28.159+0530: 69.610: [CMS-concurrent-abortable-preclean-start]
 CMS: abort preclean due to time 2017-08-25T21:24:33.243+0530: 74.694: [CMS-concurrent-abortable-preclean: 0.181/5.084 secs] [Times: user=0.22 sys=0.00, real=5.08 secs] 
2017-08-25T21:24:33.243+0530: 74.694: [GC (CMS Final Remark) [YG occupancy: 98831 K (157248 K)]2017-08-25T21:24:33.243+0530: 74.694: [Rescan (parallel) , 0.0012000 secs]2017-08-25T21:24:33.245+0530: 74.696: [weak refs processing, 0.0000314 secs]2017-08-25T21:24:33.245+0530: 74.696: [class unloading, 0.0005176 secs]2017-08-25T21:24:33.245+0530: 74.696: [scrub symbol table, 0.0008657 secs]2017-08-25T21:24:33.246+0530: 74.697: [scrub string table, 0.0003487 secs][1 CMS-remark: 121655K(349568K)] 220486K(506816K), 0.0031961 secs] [Times: user=0.00 sys=0.00, real=0.00 secs] 
2017-08-25T21:24:33.247+0530: 74.698: [CMS-concurrent-sweep-start]
2017-08-25T21:24:33.248+0530: 74.699: [CMS-concurrent-sweep: 0.001/0.001 secs] [Times: user=0.00 sys=0.00, real=0.00 secs] 
2017-08-25T21:24:33.248+0530: 74.699: [CMS-concurrent-reset-start]
2017-08-25T21:24:33.249+0530: 74.700: [CMS-concurrent-reset: 0.001/0.001 secs] [Times: user=0.00 sys=0.00, real=0.00 secs] 
2017-08-25T21:24:35.250+0530: 76.700: [GC (CMS Initial Mark) [1 CMS-initial-mark: 121655K(349568K)] 228622K(506816K), 0.0007617 secs] [Times: user=0.00 sys=0.00, real=0.00 secs] 
2017-08-25T21:24:35.251+0530: 76.701: [CMS-concurrent-mark-start]
2017-08-25T21:24:35.257+0530: 76.707: [CMS-concurrent-mark: 0.006/0.006 secs] [Times: user=0.00 sys=0.00, real=0.01 secs] 
2017-08-25T21:24:35.257+0530: 76.707: [CMS-concurrent-preclean-start]
2017-08-25T21:24:35.258+0530: 76.709: [CMS-concurrent-preclean: 0.002/0.002 secs] [Times: user=0.01 sys=0.00, real=0.00 secs] 
2017-08-25T21:24:35.259+0530: 76.709: [CMS-concurrent-abortable-preclean-start]
 CMS: abort preclean due to time 2017-08-25T21:24:40.360+0530: 81.811: [CMS-concurrent-abortable-preclean: 0.191/5.102 secs] [Times: user=0.17 sys=0.00, real=5.10 secs] 
2017-08-25T21:24:40.361+0530: 81.812: [GC (CMS Final Remark) [YG occupancy: 128662 K (157248 K)]2017-08-25T21:24:40.361+0530: 81.812: [Rescan (parallel) , 0.0011672 secs]2017-08-25T21:24:40.362+0530: 81.813: [weak refs processing, 0.0000346 secs]2017-08-25T21:24:40.362+0530: 81.813: [class unloading, 0.0005081 secs]2017-08-25T21:24:40.362+0530: 81.813: [scrub symbol table, 0.0008597 secs]2017-08-25T21:24:40.363+0530: 81.814: [scrub string table, 0.0003554 secs][1 CMS-remark: 121655K(349568K)] 250317K(506816K), 0.0031630 secs] [Times: user=0.00 sys=0.00, real=0.00 secs] 
2017-08-25T21:24:40.364+0530: 81.815: [CMS-concurrent-sweep-start]
2017-08-25T21:24:40.365+0530: 81.816: [CMS-concurrent-sweep: 0.001/0.001 secs] [Times: user=0.00 sys=0.00, real=0.00 secs] 
2017-08-25T21:24:40.365+0530: 81.816: [CMS-concurrent-reset-start]
2017-08-25T21:24:40.366+0530: 81.817: [CMS-concurrent-reset: 0.001/0.001 secs] [Times: user=0.00 sys=0.00, real=0.00 secs] 
2017-08-25T21:24:42.366+0530: 83.817: [GC (CMS Initial Mark) [1 CMS-initial-mark: 121655K(349568K)] 258453K(506816K), 0.0010547 secs] [Times: user=0.02 sys=0.00, real=0.00 secs] 
2017-08-25T21:24:42.367+0530: 83.818: [CMS-concurrent-mark-start]
2017-08-25T21:24:42.373+0530: 83.824: [CMS-concurrent-mark: 0.006/0.006 secs] [Times: user=0.00 sys=0.00, real=0.01 secs] 
2017-08-25T21:24:42.373+0530: 83.824: [CMS-concurrent-preclean-start]
2017-08-25T21:24:42.375+0530: 83.826: [CMS-concurrent-preclean: 0.001/0.001 secs] [Times: user=0.00 sys=0.00, real=0.00 secs] 
2017-08-25T21:24:42.375+0530: 83.826: [CMS-concurrent-abortable-preclean-start]
 CMS: abort preclean due to time 2017-08-25T21:24:47.450+0530: 88.901: [CMS-concurrent-abortable-preclean: 0.183/5.075 secs] [Times: user=0.17 sys=0.00, real=5.08 secs] 
2017-08-25T21:24:47.451+0530: 88.901: [GC (CMS Final Remark) [YG occupancy: 155781 K (157248 K)]2017-08-25T21:24:47.451+0530: 88.902: [Rescan (parallel) , 0.0012014 secs]2017-08-25T21:24:47.452+0530: 88.903: [weak refs processing, 0.0000360 secs]2017-08-25T21:24:47.452+0530: 88.903: [class unloading, 0.0005106 secs]2017-08-25T21:24:47.452+0530: 88.903: [scrub symbol table, 0.0008653 secs]2017-08-25T21:24:47.453+0530: 88.904: [scrub string table, 0.0003378 secs][1 CMS-remark: 121655K(349568K)] 277437K(506816K), 0.0032014 secs] [Times: user=0.00 sys=0.00, real=0.00 secs] 
2017-08-25T21:24:47.454+0530: 88.905: [CMS-concurrent-sweep-start]
2017-08-25T21:24:47.455+0530: 88.906: [CMS-concurrent-sweep: 0.001/0.001 secs] [Times: user=0.00 sys=0.00, real=0.00 secs] 
2017-08-25T21:24:47.455+0530: 88.906: [CMS-concurrent-reset-start]
2017-08-25T21:24:47.456+0530: 88.907: [CMS-concurrent-reset: 0.001/0.001 secs] [Times: user=0.00 sys=0.00, real=0.00 secs] 
2017-08-25T21:24:48.015+0530: 89.466: [GC (Allocation Failure) 2017-08-25T21:24:48.015+0530: 89.466: [ParNew: 157121K->17447K(157248K), 0.0447400 secs] 278776K->277565K(506816K), 0.0448652 secs] [Times: user=0.17 sys=0.00, real=0.04 secs] 
2017-08-25T21:24:48.060+0530: 89.511: [GC (CMS Initial Mark) [1 CMS-initial-mark: 260118K(349568K)] 280435K(506816K), 0.0003981 secs] [Times: user=0.00 sys=0.00, real=0.00 secs] 
2017-08-25T21:24:48.060+0530: 89.511: [CMS-concurrent-mark-start]
2017-08-25T21:24:48.063+0530: 89.514: [CMS-concurrent-mark: 0.002/0.002 secs] [Times: user=0.00 sys=0.00, real=0.00 secs] 
2017-08-25T21:24:48.063+0530: 89.514: [CMS-concurrent-preclean-start]
2017-08-25T21:24:48.063+0530: 89.514: [CMS-concurrent-preclean: 0.001/0.001 secs] [Times: user=0.00 sys=0.00, real=0.00 secs] 
2017-08-25T21:24:48.063+0530: 89.514: [CMS-concurrent-abortable-preclean-start]
 CMS: abort preclean due to time 2017-08-25T21:24:53.142+0530: 94.593: [CMS-concurrent-abortable-preclean: 0.184/5.078 secs] [Times: user=0.17 sys=0.00, real=5.08 secs] 
2017-08-25T21:24:53.142+0530: 94.593: [GC (CMS Final Remark) [YG occupancy: 42185 K (157248 K)]2017-08-25T21:24:53.143+0530: 94.593: [Rescan (parallel) , 0.0011728 secs]2017-08-25T21:24:53.144+0530: 94.594: [weak refs processing, 0.0005286 secs]2017-08-25T21:24:53.144+0530: 94.595: [class unloading, 0.0005416 secs]2017-08-25T21:24:53.145+0530: 94.595: [scrub symbol table, 0.0008734 secs]2017-08-25T21:24:53.146+0530: 94.596: [scrub string table, 0.0003628 secs][1 CMS-remark: 260118K(349568K)] 302303K(506816K), 0.0037910 secs] [Times: user=0.00 sys=0.00, real=0.00 secs] 
2017-08-25T21:24:53.146+0530: 94.597: [CMS-concurrent-sweep-start]
2017-08-25T21:24:53.148+0530: 94.599: [CMS-concurrent-sweep: 0.002/0.002 secs] [Times: user=0.00 sys=0.00, real=0.00 secs] 
2017-08-25T21:24:53.148+0530: 94.599: [CMS-concurrent-reset-start]
2017-08-25T21:24:53.150+0530: 94.600: [CMS-concurrent-reset: 0.001/0.001 secs] [Times: user=0.05 sys=0.00, real=0.00 secs] 
2017-08-25T21:24:55.150+0530: 96.600: [GC (CMS Initial Mark) [1 CMS-initial-mark: 260118K(349568K)] 309781K(506816K), 0.0007892 secs] [Times: user=0.00 sys=0.00, real=0.00 secs] 
2017-08-25T21:24:55.151+0530: 96.601: [CMS-concurrent-mark-start]
2017-08-25T21:24:55.156+0530: 96.607: [CMS-concurrent-mark: 0.006/0.006 secs] [Times: user=0.00 sys=0.00, real=0.00 secs] 
2017-08-25T21:24:55.156+0530: 96.607: [CMS-concurrent-preclean-start]
2017-08-25T21:24:55.158+0530: 96.609: [CMS-concurrent-preclean: 0.002/0.002 secs] [Times: user=0.00 sys=0.00, real=0.00 secs] 
2017-08-25T21:24:55.158+0530: 96.609: [CMS-concurrent-abortable-preclean-start]
 CMS: abort preclean due to time 2017-08-25T21:25:00.231+0530: 101.681: [CMS-concurrent-abortable-preclean: 0.182/5.073 secs] [Times: user=0.14 sys=0.00, real=5.07 secs] 
2017-08-25T21:25:00.231+0530: 101.681: [GC (CMS Final Remark) [YG occupancy: 69973 K (157248 K)]2017-08-25T21:25:00.231+0530: 101.682: [Rescan (parallel) , 0.0005462 secs]2017-08-25T21:25:00.232+0530: 101.682: [weak refs processing, 0.0000113 secs]2017-08-25T21:25:00.232+0530: 101.682: [class unloading, 0.0002669 secs]2017-08-25T21:25:00.232+0530: 101.682: [scrub symbol table, 0.0004320 secs]2017-08-25T21:25:00.232+0530: 101.683: [scrub string table, 0.0001234 secs][1 CMS-remark: 260118K(349568K)] 330091K(506816K), 0.0014824 secs] [Times: user=0.00 sys=0.00, real=0.00 secs] 
2017-08-25T21:25:00.232+0530: 101.683: [CMS-concurrent-sweep-start]
2017-08-25T21:25:00.233+0530: 101.684: [CMS-concurrent-sweep: 0.001/0.001 secs] [Times: user=0.00 sys=0.00, real=0.00 secs] 
2017-08-25T21:25:00.233+0530: 101.684: [CMS-concurrent-reset-start]
2017-08-25T21:25:00.234+0530: 101.684: [CMS-concurrent-reset: 0.001/0.001 secs] [Times: user=0.00 sys=0.00, real=0.00 secs] 
2017-08-25T21:25:02.235+0530: 103.685: [GC (CMS Initial Mark) [1 CMS-initial-mark: 122049K(349568K)] 199809K(506816K), 0.0008283 secs] [Times: user=0.00 sys=0.00, real=0.00 secs] 
2017-08-25T21:25:02.236+0530: 103.686: [CMS-concurrent-mark-start]
2017-08-25T21:25:02.242+0530: 103.692: [CMS-concurrent-mark: 0.006/0.006 secs] [Times: user=0.01 sys=0.00, real=0.01 secs] 
2017-08-25T21:25:02.242+0530: 103.692: [CMS-concurrent-preclean-start]
2017-08-25T21:25:02.244+0530: 103.694: [CMS-concurrent-preclean: 0.002/0.002 secs] [Times: user=0.00 sys=0.00, real=0.00 secs] 
